node.exe : - Generating browser application bundles (phase: setup)...
At line:1 char:1
+ & "C:\Program Files\nodejs/node.exe" "C:\Program Files\nodejs/node_mo ...
+ ~~~~~~~~~~~~~~~~~~~~~~~~~~~~~~~~~~~~~~~~~~~~~~~~~~~~~~~~~~~~~~~~~~~~~
    + CategoryInfo          : NotSpecified: (- Generating br...hase: setup)...:String) [], RemoteException
    + FullyQualifiedErrorId : NativeCommandError
 
ΓêÜ Browser application bundle generation complete.
10 03 2026 09:23:48.969:INFO [karma-server]: Karma v6.4.4 server started at http://localhost:9876/
10 03 2026 09:23:48.976:INFO [launcher]: Launching browsers ChromeHeadless with concurrency unlimited
10 03 2026 09:23:49.012:INFO [launcher]: Starting browser ChromeHeadless
10 03 2026 09:23:51.390:INFO [Chrome Headless 145.0.0.0 (Windows 10)]: Connected on socket 8tUsEvpMbXQ99EAuAAAB with id 51186883
Chrome Headless 145.0.0.0 (Windows 10): Executed 0 of 194 SUCCESS (0 secs / 0 secs)
[1A[2KChrome Headless 145.0.0.0 (Windows 10): Executed 1 of 194 SUCCESS (0 secs / 0.018 secs)
[1A[2KChrome Headless 145.0.0.0 (Windows 10): Executed 2 of 194 SUCCESS (0 secs / 0.023 secs)
[1A[2KChrome Headless 145.0.0.0 (Windows 10): Executed 3 of 194 SUCCESS (0 secs / 0.026 secs)
[1A[2KChrome Headless 145.0.0.0 (Windows 10): Executed 4 of 194 SUCCESS (0 secs / 0.029 secs)
[1A[2KChrome Headless 145.0.0.0 (Windows 10): Executed 5 of 194 SUCCESS (0 secs / 0.032 secs)
[1A[2KChrome Headless 145.0.0.0 (Windows 10): Executed 6 of 194 SUCCESS (0 secs / 0.035 secs)
[1A[2KChrome Headless 145.0.0.0 (Windows 10) ProductDataService CRUD Operations should delete a product and remove it from the signal FAILED
	Error: Uncaught (in promise): TypeError: _this6.storage.appendExisting is not a function
	TypeError: _this6.storage.appendExisting is not a function
	    at src/app/core/services/product-data.service.ts:109:24
	    at Generator.next (<anonymous>)
	    at asyncGeneratorStep (node_modules/@babel/runtime/helpers/esm/asyncToGenerator.js:3:1)
	    at apply (node_modules/@babel/runtime/helpers/esm/asyncToGenerator.js:17:1)
	    at _ZoneDelegate.invoke (node_modules/zone.js/fesm2015/zone.js:398:28)
	    at FakeAsyncTestZoneSpec.onInvoke (node_modules/zone.js/fesm2015/zone-testing.js:1620:29)
	    at ProxyZoneSpec.onInvoke (node_modules/zone.js/fesm2015/zone-testing.js:2129:39)
	    at _ZoneDelegate.invoke (node_modules/zone.js/fesm2015/zone.js:397:34)
	    at ZoneImpl.run (node_modules/zone.js/fesm2015/zone.js:113:43)
	    at node_modules/zone.js/fesm2015/zone.js:2537:40
	error properties: Object({ throwOriginal: true, rejection: TypeError: _this6.storage.appendExisting is not a function, promise: [object Promise], zone: ZoneImpl({ _parent: ZoneImpl({ _parent: null, _name: '<root>', _properties: Object({  }), _zoneDelegate: _ZoneDelegate({ _zone: <circular reference: Object>, _taskCounts: Object({ microTask: 0, macroTask: 0, eventTask: 0 }), _parentDelegate: null, _forkDlgt: null, _forkZS: null, _forkCurrZone: null, _interceptDlgt: null, _interceptZS: null, _interceptCurrZone: null, _invokeDlgt: null, _invokeZS: null, _invokeCurrZone: null, _handleErrorDlgt: null, _handleErrorZS: null, _handleErrorCurrZone: null, _scheduleTaskDlgt: null, _scheduleTaskZS: null, _scheduleTaskCurrZone: null, _invokeTaskDlgt: null, _invokeTaskZS: null, _invokeTaskCurrZone: null, _cancelTaskDlgt: null, _cancelTaskZS: null, _cancelTaskCurrZone: null, _hasTaskDlgt: null, _hasTaskDlgtOwner: null, _hasTaskZS: null, _hasTaskCurrZone: null }) }), _name: 'ProxyZone', _properties: Object({ ProxyZ ...
	    at resolvePromise (node_modules/zone.js/fesm2015/zone.js:2470:35)
	    at apply (node_modules/zone.js/fesm2015/zone.js:2369:21)
	    at node_modules/zone.js/fesm2015/zone.js:2385:37
	    at asyncGeneratorStep (node_modules/@babel/runtime/helpers/esm/asyncToGenerator.js:6:1)
	    at apply (node_modules/@babel/runtime/helpers/esm/asyncToGenerator.js:17:1)
	    at _ZoneDelegate.invoke (node_modules/zone.js/fesm2015/zone.js:398:28)
	    at FakeAsyncTestZoneSpec.onInvoke (node_modules/zone.js/fesm2015/zone-testing.js:1620:29)
	    at ProxyZoneSpec.onInvoke (node_modules/zone.js/fesm2015/zone-testing.js:2129:39)
	    at _ZoneDelegate.invoke (node_modules/zone.js/fesm2015/zone.js:397:34)
	    at ZoneImpl.run (node_modules/zone.js/fesm2015/zone.js:113:43)
Chrome Headless 145.0.0.0 (Windows 10): Executed 7 of 194 (1 FAILED) (0 secs / 0.04 secs)
[1A[2KChrome Headless 145.0.0.0 (Windows 10) ProductDataService CRUD Operations should update an existing product in the signal FAILED
	Error: Uncaught (in promise): TypeError: Cannot read properties of undefined (reading 'catch')
	TypeError: Cannot read properties of undefined (reading 'catch')
	    at src/app/core/services/product-data.service.ts:93:74
	    at Generator.next (<anonymous>)
	    at asyncGeneratorStep (node_modules/@babel/runtime/helpers/esm/asyncToGenerator.js:3:1)
	    at _next (node_modules/@babel/runtime/helpers/esm/asyncToGenerator.js:17:1)
	    at executor (node_modules/@babel/runtime/helpers/esm/asyncToGenerator.js:22:1)
	    at new ZoneAwarePromise (node_modules/zone.js/fesm2015/zone.js:2701:25)
	    at node_modules/@babel/runtime/helpers/esm/asyncToGenerator.js:14:1
	    at ProductDataService.updateProduct (src/app/core/services/product-data.service.ts:103:134)
	    at UserContext.apply (src/app/core/services/product-data.service.spec.ts:59:15)
	    at UserContext.fakeAsyncFn (node_modules/zone.js/fesm2015/zone-testing.js:1715:26)
	error properties: Object({ throwOriginal: true, rejection: TypeError: Cannot read properties of undefined (reading 'catch'), promise: [object Promise], zone: ZoneImpl({ _parent: ZoneImpl({ _parent: null, _name: '<root>', _properties: Object({  }), _zoneDelegate: _ZoneDelegate({ _zone: <circular reference: Object>, _taskCounts: Object({ microTask: 0, macroTask: 0, eventTask: 0 }), _parentDelegate: null, _forkDlgt: null, _forkZS: null, _forkCurrZone: null, _interceptDlgt: null, _interceptZS: null, _interceptCurrZone: null, _invokeDlgt: null, _invokeZS: null, _invokeCurrZone: null, _handleErrorDlgt: null, _handleErrorZS: null, _handleErrorCurrZone: null, _scheduleTaskDlgt: null, _scheduleTaskZS: null, _scheduleTaskCurrZone: null, _invokeTaskDlgt: null, _invokeTaskZS: null, _invokeTaskCurrZone: null, _cancelTaskDlgt: null, _cancelTaskZS: null, _cancelTaskCurrZone: null, _hasTaskDlgt: null, _hasTaskDlgtOwner: null, _hasTaskZS: null, _hasTaskCurrZone: null }) }), _name: 'ProxyZone', _properties: Object({  ...
	    at resolvePromise (node_modules/zone.js/fesm2015/zone.js:2470:35)
	    at apply (node_modules/zone.js/fesm2015/zone.js:2369:21)
	    at node_modules/zone.js/fesm2015/zone.js:2385:37
	    at asyncGeneratorStep (node_modules/@babel/runtime/helpers/esm/asyncToGenerator.js:6:1)
	    at _next (node_modules/@babel/runtime/helpers/esm/asyncToGenerator.js:17:1)
	    at executor (node_modules/@babel/runtime/helpers/esm/asyncToGenerator.js:22:1)
	    at new ZoneAwarePromise (node_modules/zone.js/fesm2015/zone.js:2701:25)
	    at node_modules/@babel/runtime/helpers/esm/asyncToGenerator.js:14:1
	    at ProductDataService.updateProduct (src/app/core/services/product-data.service.ts:103:134)
	    at UserContext.<anonymous> (src/app/core/services/product-data.service.spec.ts:59:15)
Chrome Headless 145.0.0.0 (Windows 10): Executed 8 of 194 (2 FAILED) (0 secs / 0.044 secs)
[1A[2KChrome Headless 145.0.0.0 (Windows 10): Executed 9 of 194 (2 FAILED) (0 secs / 0.047 secs)
[1A[2KChrome Headless 145.0.0.0 (Windows 10): Executed 10 of 194 (2 FAILED) (0 secs / 0.113 secs)
[1A[2KChrome Headless 145.0.0.0 (Windows 10): Executed 11 of 194 (2 FAILED) (0 secs / 0.117 secs)
[1A[2KChrome Headless 145.0.0.0 (Windows 10): Executed 12 of 194 (2 FAILED) (0 secs / 0.12 secs)
[1A[2KChrome Headless 145.0.0.0 (Windows 10): Executed 13 of 194 (2 FAILED) (0 secs / 0.123 secs)
[1A[2KChrome Headless 145.0.0.0 (Windows 10): Executed 14 of 194 (2 FAILED) (0 secs / 0.126 secs)
[1A[2KChrome Headless 145.0.0.0 (Windows 10): Executed 15 of 194 (2 FAILED) (0 secs / 0.128 secs)
[1A[2KChrome Headless 145.0.0.0 (Windows 10): Executed 16 of 194 (2 FAILED) (0 secs / 0.131 secs)
[1A[2KChrome Headless 145.0.0.0 (Windows 10) RecipeBookListComponent should not call deleteRecipe when delete is cancelled FAILED
	NullInjectorError: R3InjectorError(Standalone[RecipeBookListComponent])[ActivatedRoute -> ActivatedRoute -> ActivatedRoute]: 
	  NullInjectorError: No provider for ActivatedRoute!
	error properties: Object({ ngTempTokenPath: null, ngTokenPath: [ 'ActivatedRoute', 'ActivatedRoute', 'ActivatedRoute' ] })
	    at NullInjector.get (node_modules/@angular/core/fesm2022/core.mjs:1630:27)
	    at R3Injector.get (node_modules/@angular/core/fesm2022/core.mjs:2159:33)
	    at R3Injector.get (node_modules/@angular/core/fesm2022/core.mjs:2159:33)
	    at R3Injector.get (node_modules/@angular/core/fesm2022/core.mjs:2159:33)
	    at ChainedInjector.get (node_modules/@angular/core/fesm2022/core.mjs:17406:36)
	    at lookupTokenUsingModuleInjector (node_modules/@angular/core/fesm2022/core.mjs:5081:39)
	    at getOrCreateInjectable (node_modules/@angular/core/fesm2022/core.mjs:5129:12)
	    at ╔╡╔╡directiveInject (node_modules/@angular/core/fesm2022/core.mjs:17457:19)
	    at ╔╡╔╡inject (node_modules/@angular/core/fesm2022/core.mjs:1131:60)
	    at inject (node_modules/@angular/core/fesm2022/core.mjs:1217:12)
Chrome Headless 145.0.0.0 (Windows 10): Executed 17 of 194 (3 FAILED) (0 secs / 0.249 secs)
[1A[2KChrome Headless 145.0.0.0 (Windows 10) RecipeBookListComponent should change sort order when sort column is clicked FAILED
	NullInjectorError: R3InjectorError(Standalone[RecipeBookListComponent])[ActivatedRoute -> ActivatedRoute -> ActivatedRoute]: 
	  NullInjectorError: No provider for ActivatedRoute!
	error properties: Object({ ngTempTokenPath: null, ngTokenPath: [ 'ActivatedRoute', 'ActivatedRoute', 'ActivatedRoute' ] })
	    at NullInjector.get (node_modules/@angular/core/fesm2022/core.mjs:1630:27)
	    at R3Injector.get (node_modules/@angular/core/fesm2022/core.mjs:2159:33)
	    at R3Injector.get (node_modules/@angular/core/fesm2022/core.mjs:2159:33)
	    at R3Injector.get (node_modules/@angular/core/fesm2022/core.mjs:2159:33)
	    at ChainedInjector.get (node_modules/@angular/core/fesm2022/core.mjs:17406:36)
	    at lookupTokenUsingModuleInjector (node_modules/@angular/core/fesm2022/core.mjs:5081:39)
	    at getOrCreateInjectable (node_modules/@angular/core/fesm2022/core.mjs:5129:12)
	    at ╔╡╔╡directiveInject (node_modules/@angular/core/fesm2022/core.mjs:17457:19)
	    at ╔╡╔╡inject (node_modules/@angular/core/fesm2022/core.mjs:1131:60)
	    at inject (node_modules/@angular/core/fesm2022/core.mjs:1217:12)
Chrome Headless 145.0.0.0 (Windows 10): Executed 18 of 194 (4 FAILED) (0 secs / 0.253 secs)
[1A[2KChrome Headless 145.0.0.0 (Windows 10) RecipeBookListComponent should filter list when search input is set FAILED
	NullInjectorError: R3InjectorError(Standalone[RecipeBookListComponent])[ActivatedRoute -> ActivatedRoute -> ActivatedRoute]: 
	  NullInjectorError: No provider for ActivatedRoute!
	error properties: Object({ ngTempTokenPath: null, ngTokenPath: [ 'ActivatedRoute', 'ActivatedRoute', 'ActivatedRoute' ] })
	    at NullInjector.get (node_modules/@angular/core/fesm2022/core.mjs:1630:27)
	    at R3Injector.get (node_modules/@angular/core/fesm2022/core.mjs:2159:33)
	    at R3Injector.get (node_modules/@angular/core/fesm2022/core.mjs:2159:33)
	    at R3Injector.get (node_modules/@angular/core/fesm2022/core.mjs:2159:33)
	    at ChainedInjector.get (node_modules/@angular/core/fesm2022/core.mjs:17406:36)
	    at lookupTokenUsingModuleInjector (node_modules/@angular/core/fesm2022/core.mjs:5081:39)
	    at getOrCreateInjectable (node_modules/@angular/core/fesm2022/core.mjs:5129:12)
	    at ╔╡╔╡directiveInject (node_modules/@angular/core/fesm2022/core.mjs:17457:19)
	    at ╔╡╔╡inject (node_modules/@angular/core/fesm2022/core.mjs:1131:60)
	    at inject (node_modules/@angular/core/fesm2022/core.mjs:1217:12)
Chrome Headless 145.0.0.0 (Windows 10): Executed 19 of 194 (5 FAILED) (0 secs / 0.256 secs)
[1A[2KChrome Headless 145.0.0.0 (Windows 10) RecipeBookListComponent should call deleteRecipe when delete is confirmed FAILED
	NullInjectorError: R3InjectorError(Standalone[RecipeBookListComponent])[ActivatedRoute -> ActivatedRoute -> ActivatedRoute]: 
	  NullInjectorError: No provider for ActivatedRoute!
	error properties: Object({ ngTempTokenPath: null, ngTokenPath: [ 'ActivatedRoute', 'ActivatedRoute', 'ActivatedRoute' ] })
	    at NullInjector.get (node_modules/@angular/core/fesm2022/core.mjs:1630:27)
	    at R3Injector.get (node_modules/@angular/core/fesm2022/core.mjs:2159:33)
	    at R3Injector.get (node_modules/@angular/core/fesm2022/core.mjs:2159:33)
	    at R3Injector.get (node_modules/@angular/core/fesm2022/core.mjs:2159:33)
	    at ChainedInjector.get (node_modules/@angular/core/fesm2022/core.mjs:17406:36)
	    at lookupTokenUsingModuleInjector (node_modules/@angular/core/fesm2022/core.mjs:5081:39)
	    at getOrCreateInjectable (node_modules/@angular/core/fesm2022/core.mjs:5129:12)
	    at ╔╡╔╡directiveInject (node_modules/@angular/core/fesm2022/core.mjs:17457:19)
	    at ╔╡╔╡inject (node_modules/@angular/core/fesm2022/core.mjs:1131:60)
	    at inject (node_modules/@angular/core/fesm2022/core.mjs:1217:12)
Chrome Headless 145.0.0.0 (Windows 10): Executed 20 of 194 (6 FAILED) (0 secs / 0.261 secs)
[1A[2KChrome Headless 145.0.0.0 (Windows 10) RecipeBookListComponent should format addedAt date or return placeholder when missing FAILED
	NullInjectorError: R3InjectorError(Standalone[RecipeBookListComponent])[ActivatedRoute -> ActivatedRoute -> ActivatedRoute]: 
	  NullInjectorError: No provider for ActivatedRoute!
	error properties: Object({ ngTempTokenPath: null, ngTokenPath: [ 'ActivatedRoute', 'ActivatedRoute', 'ActivatedRoute' ] })
	    at NullInjector.get (node_modules/@angular/core/fesm2022/core.mjs:1630:27)
	    at R3Injector.get (node_modules/@angular/core/fesm2022/core.mjs:2159:33)
	    at R3Injector.get (node_modules/@angular/core/fesm2022/core.mjs:2159:33)
	    at R3Injector.get (node_modules/@angular/core/fesm2022/core.mjs:2159:33)
	    at ChainedInjector.get (node_modules/@angular/core/fesm2022/core.mjs:17406:36)
	    at lookupTokenUsingModuleInjector (node_modules/@angular/core/fesm2022/core.mjs:5081:39)
	    at getOrCreateInjectable (node_modules/@angular/core/fesm2022/core.mjs:5129:12)
	    at ╔╡╔╡directiveInject (node_modules/@angular/core/fesm2022/core.mjs:17457:19)
	    at ╔╡╔╡inject (node_modules/@angular/core/fesm2022/core.mjs:1131:60)
	    at inject (node_modules/@angular/core/fesm2022/core.mjs:1217:12)
Chrome Headless 145.0.0.0 (Windows 10): Executed 21 of 194 (7 FAILED) (0 secs / 0.265 secs)
[1A[2KChrome Headless 145.0.0.0 (Windows 10) RecipeBookListComponent should format updatedAt date or return placeholder when missing FAILED
	NullInjectorError: R3InjectorError(Standalone[RecipeBookListComponent])[ActivatedRoute -> ActivatedRoute -> ActivatedRoute]: 
	  NullInjectorError: No provider for ActivatedRoute!
	error properties: Object({ ngTempTokenPath: null, ngTokenPath: [ 'ActivatedRoute', 'ActivatedRoute', 'ActivatedRoute' ] })
	    at NullInjector.get (node_modules/@angular/core/fesm2022/core.mjs:1630:27)
	    at R3Injector.get (node_modules/@angular/core/fesm2022/core.mjs:2159:33)
	    at R3Injector.get (node_modules/@angular/core/fesm2022/core.mjs:2159:33)
	    at R3Injector.get (node_modules/@angular/core/fesm2022/core.mjs:2159:33)
	    at ChainedInjector.get (node_modules/@angular/core/fesm2022/core.mjs:17406:36)
	    at lookupTokenUsingModuleInjector (node_modules/@angular/core/fesm2022/core.mjs:5081:39)
	    at getOrCreateInjectable (node_modules/@angular/core/fesm2022/core.mjs:5129:12)
	    at ╔╡╔╡directiveInject (node_modules/@angular/core/fesm2022/core.mjs:17457:19)
	    at ╔╡╔╡inject (node_modules/@angular/core/fesm2022/core.mjs:1131:60)
	    at inject (node_modules/@angular/core/fesm2022/core.mjs:1217:12)
Chrome Headless 145.0.0.0 (Windows 10): Executed 22 of 194 (8 FAILED) (0 secs / 0.268 secs)
[1A[2KChrome Headless 145.0.0.0 (Windows 10) RecipeBookListComponent should aggregate allergens from product ingredients FAILED
	NullInjectorError: R3InjectorError(Standalone[RecipeBookListComponent])[ActivatedRoute -> ActivatedRoute -> ActivatedRoute]: 
	  NullInjectorError: No provider for ActivatedRoute!
	error properties: Object({ ngTempTokenPath: null, ngTokenPath: [ 'ActivatedRoute', 'ActivatedRoute', 'ActivatedRoute' ] })
	    at NullInjector.get (node_modules/@angular/core/fesm2022/core.mjs:1630:27)
	    at R3Injector.get (node_modules/@angular/core/fesm2022/core.mjs:2159:33)
	    at R3Injector.get (node_modules/@angular/core/fesm2022/core.mjs:2159:33)
	    at R3Injector.get (node_modules/@angular/core/fesm2022/core.mjs:2159:33)
	    at ChainedInjector.get (node_modules/@angular/core/fesm2022/core.mjs:17406:36)
	    at lookupTokenUsingModuleInjector (node_modules/@angular/core/fesm2022/core.mjs:5081:39)
	    at getOrCreateInjectable (node_modules/@angular/core/fesm2022/core.mjs:5129:12)
	    at ╔╡╔╡directiveInject (node_modules/@angular/core/fesm2022/core.mjs:17457:19)
	    at ╔╡╔╡inject (node_modules/@angular/core/fesm2022/core.mjs:1131:60)
	    at inject (node_modules/@angular/core/fesm2022/core.mjs:1217:12)
Chrome Headless 145.0.0.0 (Windows 10): Executed 23 of 194 (9 FAILED) (0 secs / 0.272 secs)
[1A[2KChrome Headless 145.0.0.0 (Windows 10) RecipeBookListComponent should compute filtered recipes from kitchen state FAILED
	NullInjectorError: R3InjectorError(Standalone[RecipeBookListComponent])[ActivatedRoute -> ActivatedRoute -> ActivatedRoute]: 
	  NullInjectorError: No provider for ActivatedRoute!
	error properties: Object({ ngTempTokenPath: null, ngTokenPath: [ 'ActivatedRoute', 'ActivatedRoute', 'ActivatedRoute' ] })
	    at NullInjector.get (node_modules/@angular/core/fesm2022/core.mjs:1630:27)
	    at R3Injector.get (node_modules/@angular/core/fesm2022/core.mjs:2159:33)
	    at R3Injector.get (node_modules/@angular/core/fesm2022/core.mjs:2159:33)
	    at R3Injector.get (node_modules/@angular/core/fesm2022/core.mjs:2159:33)
	    at ChainedInjector.get (node_modules/@angular/core/fesm2022/core.mjs:17406:36)
	    at lookupTokenUsingModuleInjector (node_modules/@angular/core/fesm2022/core.mjs:5081:39)
	    at getOrCreateInjectable (node_modules/@angular/core/fesm2022/core.mjs:5129:12)
	    at ╔╡╔╡directiveInject (node_modules/@angular/core/fesm2022/core.mjs:17457:19)
	    at ╔╡╔╡inject (node_modules/@angular/core/fesm2022/core.mjs:1131:60)
	    at inject (node_modules/@angular/core/fesm2022/core.mjs:1217:12)
Chrome Headless 145.0.0.0 (Windows 10): Executed 24 of 194 (10 FAILED) (0 secs / 0.276 secs)
[1A[2KChrome Headless 145.0.0.0 (Windows 10) RecipeBookListComponent should create FAILED
	NullInjectorError: R3InjectorError(Standalone[RecipeBookListComponent])[ActivatedRoute -> ActivatedRoute -> ActivatedRoute]: 
	  NullInjectorError: No provider for ActivatedRoute!
	error properties: Object({ ngTempTokenPath: null, ngTokenPath: [ 'ActivatedRoute', 'ActivatedRoute', 'ActivatedRoute' ] })
	    at NullInjector.get (node_modules/@angular/core/fesm2022/core.mjs:1630:27)
	    at R3Injector.get (node_modules/@angular/core/fesm2022/core.mjs:2159:33)
	    at R3Injector.get (node_modules/@angular/core/fesm2022/core.mjs:2159:33)
	    at R3Injector.get (node_modules/@angular/core/fesm2022/core.mjs:2159:33)
	    at ChainedInjector.get (node_modules/@angular/core/fesm2022/core.mjs:17406:36)
	    at lookupTokenUsingModuleInjector (node_modules/@angular/core/fesm2022/core.mjs:5081:39)
	    at getOrCreateInjectable (node_modules/@angular/core/fesm2022/core.mjs:5129:12)
	    at ╔╡╔╡directiveInject (node_modules/@angular/core/fesm2022/core.mjs:17457:19)
	    at ╔╡╔╡inject (node_modules/@angular/core/fesm2022/core.mjs:1131:60)
	    at inject (node_modules/@angular/core/fesm2022/core.mjs:1217:12)
Chrome Headless 145.0.0.0 (Windows 10): Executed 25 of 194 (11 FAILED) (0 secs / 0.28 secs)
[1A[2KChrome Headless 145.0.0.0 (Windows 10): Executed 26 of 194 (11 FAILED) (0 secs / 0.281 secs)
[1A[2KChrome Headless 145.0.0.0 (Windows 10): Executed 27 of 194 (11 FAILED) (0 secs / 0.287 secs)
[1A[2KChrome Headless 145.0.0.0 (Windows 10): Executed 28 of 194 (11 FAILED) (0 secs / 0.289 secs)
[1A[2KChrome Headless 145.0.0.0 (Windows 10): Executed 29 of 194 (11 FAILED) (0 secs / 0.29 secs)
[1A[2KChrome Headless 145.0.0.0 (Windows 10): Executed 30 of 194 (11 FAILED) (0 secs / 0.291 secs)
[1A[2KChrome Headless 145.0.0.0 (Windows 10): Executed 31 of 194 (11 FAILED) (0 secs / 0.293 secs)
[1A[2KChrome Headless 145.0.0.0 (Windows 10): Executed 32 of 194 (11 FAILED) (0 secs / 0.295 secs)
[1A[2KChrome Headless 145.0.0.0 (Windows 10): Executed 33 of 194 (11 FAILED) (0 secs / 0.297 secs)
[1A[2KChrome Headless 145.0.0.0 (Windows 10): Executed 34 of 194 (11 FAILED) (0 secs / 0.299 secs)
[1A[2KChrome Headless 145.0.0.0 (Windows 10): Executed 35 of 194 (11 FAILED) (0 secs / 0.302 secs)
[1A[2KChrome Headless 145.0.0.0 (Windows 10): Executed 36 of 194 (11 FAILED) (0 secs / 0.303 secs)
[1A[2KChrome Headless 145.0.0.0 (Windows 10): Executed 37 of 194 (11 FAILED) (0 secs / 0.305 secs)
[1A[2KChrome Headless 145.0.0.0 (Windows 10): Executed 38 of 194 (11 FAILED) (0 secs / 0.307 secs)
[1A[2KChrome Headless 145.0.0.0 (Windows 10): Executed 39 of 194 (11 FAILED) (0 secs / 0.308 secs)
[1A[2KChrome Headless 145.0.0.0 (Windows 10): Executed 40 of 194 (11 FAILED) (0 secs / 0.309 secs)
[1A[2KChrome Headless 145.0.0.0 (Windows 10): Executed 41 of 194 (11 FAILED) (0 secs / 0.311 secs)
[1A[2KChrome Headless 145.0.0.0 (Windows 10): Executed 42 of 194 (11 FAILED) (0 secs / 0.313 secs)
[1A[2KChrome Headless 145.0.0.0 (Windows 10): Executed 43 of 194 (11 FAILED) (0 secs / 0.314 secs)
[1A[2KChrome Headless 145.0.0.0 (Windows 10): Executed 44 of 194 (11 FAILED) (0 secs / 0.315 secs)
[1A[2KChrome Headless 145.0.0.0 (Windows 10): Executed 45 of 194 (11 FAILED) (0 secs / 0.316 secs)
[1A[2KChrome Headless 145.0.0.0 (Windows 10): Executed 46 of 194 (11 FAILED) (0 secs / 0.318 secs)
[1A[2KChrome Headless 145.0.0.0 (Windows 10): Executed 47 of 194 (11 FAILED) (0 secs / 0.32 secs)
[1A[2KChrome Headless 145.0.0.0 (Windows 10): Executed 48 of 194 (11 FAILED) (0 secs / 0.328 secs)
[1A[2KChrome Headless 145.0.0.0 (Windows 10): Executed 49 of 194 (11 FAILED) (0 secs / 0.337 secs)
[1A[2KChrome Headless 145.0.0.0 (Windows 10): Executed 50 of 194 (11 FAILED) (0 secs / 0.339 secs)
[1A[2KChrome Headless 145.0.0.0 (Windows 10): Executed 51 of 194 (11 FAILED) (0 secs / 0.347 secs)
[1A[2KChrome Headless 145.0.0.0 (Windows 10): Executed 52 of 194 (11 FAILED) (0 secs / 0.35 secs)
[1A[2KChrome Headless 145.0.0.0 (Windows 10): Executed 53 of 194 (11 FAILED) (0 secs / 0.353 secs)
[1A[2KChrome Headless 145.0.0.0 (Windows 10): Executed 54 of 194 (11 FAILED) (0 secs / 0.355 secs)
[1A[2KChrome Headless 145.0.0.0 (Windows 10) RecipeBuilderComponent should create FAILED
	Error: The "printer" icon has not been provided by any available icon providers.
	    at LucideAngularComponent.ngOnChanges (node_modules/lucide-angular/fesm2020/lucide-angular.mjs:36695:27)
	    at LucideAngularComponent.call (node_modules/@angular/core/fesm2022/core.mjs:3147:14)
	    at callHookInternal (node_modules/@angular/core/fesm2022/core.mjs:4225:14)
	    at callHook (node_modules/@angular/core/fesm2022/core.mjs:4256:9)
	    at callHooks (node_modules/@angular/core/fesm2022/core.mjs:4206:17)
	    at executeInitAndCheckHooks (node_modules/@angular/core/fesm2022/core.mjs:4156:9)
	    at selectIndexInternal (node_modules/@angular/core/fesm2022/core.mjs:12420:17)
	    at ╔╡╔╡advance (node_modules/@angular/core/fesm2022/core.mjs:12403:5)
	    at templateFn (ng:///RecipeBuilderPage.js:469:9)
	    at executeTemplate (node_modules/@angular/core/fesm2022/core.mjs:12498:9)
Chrome Headless 145.0.0.0 (Windows 10): Executed 55 of 194 (12 FAILED) (0 secs / 0.556 secs)
[1A[2KChrome Headless 145.0.0.0 (Windows 10): Executed 56 of 194 (12 FAILED) (0 secs / 0.558 secs)
[1A[2KChrome Headless 145.0.0.0 (Windows 10): Executed 57 of 194 (12 FAILED) (0 secs / 0.56 secs)
[1A[2KChrome Headless 145.0.0.0 (Windows 10): Executed 58 of 194 (12 FAILED) (0 secs / 0.561 secs)
[1A[2KChrome Headless 145.0.0.0 (Windows 10): Executed 59 of 194 (12 FAILED) (0 secs / 0.562 secs)
[1A[2KChrome Headless 145.0.0.0 (Windows 10): Executed 60 of 194 (12 FAILED) (0 secs / 0.563 secs)
[1A[2KChrome Headless 145.0.0.0 (Windows 10): Executed 61 of 194 (12 FAILED) (0 secs / 0.565 secs)
[1A[2KChrome Headless 145.0.0.0 (Windows 10): Executed 62 of 194 (12 FAILED) (0 secs / 0.566 secs)
[1A[2KChrome Headless 145.0.0.0 (Windows 10): Executed 63 of 194 (12 FAILED) (0 secs / 0.567 secs)
[1A[2KChrome Headless 145.0.0.0 (Windows 10): Executed 64 of 194 (12 FAILED) (0 secs / 0.568 secs)
[1A[2KChrome Headless 145.0.0.0 (Windows 10): Executed 65 of 194 (12 FAILED) (0 secs / 0.569 secs)
[1A[2KChrome Headless 145.0.0.0 (Windows 10): Executed 66 of 194 (12 FAILED) (0 secs / 0.571 secs)
[1A[2KChrome Headless 145.0.0.0 (Windows 10): Executed 67 of 194 (12 FAILED) (0 secs / 0.574 secs)
[1A[2KChrome Headless 145.0.0.0 (Windows 10): Executed 68 of 194 (12 FAILED) (0 secs / 0.575 secs)
[1A[2KChrome Headless 145.0.0.0 (Windows 10): Executed 69 of 194 (12 FAILED) (0 secs / 0.577 secs)
[1A[2KChrome Headless 145.0.0.0 (Windows 10): Executed 70 of 194 (12 FAILED) (0 secs / 0.578 secs)
[1A[2KChrome Headless 145.0.0.0 (Windows 10): Executed 71 of 194 (12 FAILED) (0 secs / 0.579 secs)
[1A[2KChrome Headless 145.0.0.0 (Windows 10): Executed 72 of 194 (12 FAILED) (0 secs / 0.58 secs)
[1A[2KChrome Headless 145.0.0.0 (Windows 10): Executed 73 of 194 (12 FAILED) (0 secs / 0.582 secs)
[1A[2KChrome Headless 145.0.0.0 (Windows 10): Executed 74 of 194 (12 FAILED) (0 secs / 0.584 secs)
[1A[2KChrome Headless 145.0.0.0 (Windows 10): Executed 75 of 194 (12 FAILED) (0 secs / 0.587 secs)
[1A[2KChrome Headless 145.0.0.0 (Windows 10): Executed 76 of 194 (12 FAILED) (0 secs / 0.588 secs)
[1A[2KChrome Headless 145.0.0.0 (Windows 10): Executed 77 of 194 (12 FAILED) (0 secs / 0.589 secs)
[1A[2KChrome Headless 145.0.0.0 (Windows 10): Executed 78 of 194 (12 FAILED) (0 secs / 0.59 secs)
[1A[2KChrome Headless 145.0.0.0 (Windows 10): Executed 79 of 194 (12 FAILED) (0 secs / 0.592 secs)
[1A[2KChrome Headless 145.0.0.0 (Windows 10): Executed 80 of 194 (12 FAILED) (0 secs / 0.593 secs)
[1A[2KChrome Headless 145.0.0.0 (Windows 10): Executed 81 of 194 (12 FAILED) (0 secs / 0.594 secs)
[1A[2KChrome Headless 145.0.0.0 (Windows 10): Executed 82 of 194 (12 FAILED) (0 secs / 0.595 secs)
[1A[2KChrome Headless 145.0.0.0 (Windows 10): Executed 83 of 194 (12 FAILED) (0 secs / 0.596 secs)
[1A[2KChrome Headless 145.0.0.0 (Windows 10): Executed 84 of 194 (12 FAILED) (0 secs / 0.597 secs)
[1A[2KChrome Headless 145.0.0.0 (Windows 10): Executed 85 of 194 (12 FAILED) (0 secs / 0.598 secs)
[1A[2KChrome Headless 145.0.0.0 (Windows 10): Executed 86 of 194 (12 FAILED) (0 secs / 0.599 secs)
[1A[2KChrome Headless 145.0.0.0 (Windows 10): Executed 87 of 194 (12 FAILED) (0 secs / 0.601 secs)
[1A[2KChrome Headless 145.0.0.0 (Windows 10): Executed 88 of 194 (12 FAILED) (0 secs / 0.602 secs)
[1A[2KChrome Headless 145.0.0.0 (Windows 10): Executed 89 of 194 (12 FAILED) (0 secs / 0.612 secs)
[1A[2KChrome Headless 145.0.0.0 (Windows 10): Executed 90 of 194 (12 FAILED) (0 secs / 0.615 secs)
[1A[2KChrome Headless 145.0.0.0 (Windows 10): Executed 91 of 194 (12 FAILED) (0 secs / 0.621 secs)
[1A[2KChrome Headless 145.0.0.0 (Windows 10): Executed 92 of 194 (12 FAILED) (0 secs / 0.624 secs)
[1A[2KChrome Headless 145.0.0.0 (Windows 10): Executed 93 of 194 (12 FAILED) (0 secs / 0.628 secs)
[1A[2KChrome Headless 145.0.0.0 (Windows 10): Executed 94 of 194 (12 FAILED) (0 secs / 0.63 secs)
[1A[2KChrome Headless 145.0.0.0 (Windows 10) IngredientSearchComponent should create FAILED
	NullInjectorError: R3InjectorError(Standalone[IngredientSearchComponent])[TranslationService -> TranslationService -> HttpClient -> HttpClient]: 
	  NullInjectorError: No provider for HttpClient!
	error properties: Object({ ngTempTokenPath: null, ngTokenPath: [ 'TranslationService', 'TranslationService', 'HttpClient', 'HttpClient' ] })
	    at NullInjector.get (node_modules/@angular/core/fesm2022/core.mjs:1630:27)
	    at R3Injector.get (node_modules/@angular/core/fesm2022/core.mjs:2159:33)
	    at R3Injector.get (node_modules/@angular/core/fesm2022/core.mjs:2159:33)
	    at injectInjectorOnly (node_modules/@angular/core/fesm2022/core.mjs:1125:32)
	    at ╔╡╔╡inject (node_modules/@angular/core/fesm2022/core.mjs:1131:60)
	    at inject (node_modules/@angular/core/fesm2022/core.mjs:1217:12)
	    at TranslationService.constructor (src/app/core/services/translation.service.ts:8:24)
	    at new TranslationService (src/app/core/services/translation.service.ts:14:3)
	    at Object.factory (ng:///TranslationService/╔╡fac.js:4:10)
	    at node_modules/@angular/core/fesm2022/core.mjs:2282:47
Chrome Headless 145.0.0.0 (Windows 10): Executed 95 of 194 (13 FAILED) (0 secs / 0.636 secs)
[1A[2KChrome Headless 145.0.0.0 (Windows 10): Executed 96 of 194 (13 FAILED) (0 secs / 0.742 secs)
[1A[2KChrome Headless 145.0.0.0 (Windows 10) AppComponent should render the core UI components FAILED
	Error: The "menu" icon has not been provided by any available icon providers.
	    at LucideAngularComponent.ngOnChanges (node_modules/lucide-angular/fesm2020/lucide-angular.mjs:36695:27)
	    at LucideAngularComponent.call (node_modules/@angular/core/fesm2022/core.mjs:3147:14)
	    at callHookInternal (node_modules/@angular/core/fesm2022/core.mjs:4225:14)
	    at callHook (node_modules/@angular/core/fesm2022/core.mjs:4256:9)
	    at callHooks (node_modules/@angular/core/fesm2022/core.mjs:4206:17)
	    at executeInitAndCheckHooks (node_modules/@angular/core/fesm2022/core.mjs:4156:9)
	    at selectIndexInternal (node_modules/@angular/core/fesm2022/core.mjs:12420:17)
	    at ╔╡╔╡advance (node_modules/@angular/core/fesm2022/core.mjs:12403:5)
	    at templateFn (ng:///HeaderComponent.js:198:9)
	    at executeTemplate (node_modules/@angular/core/fesm2022/core.mjs:12498:9)
Chrome Headless 145.0.0.0 (Windows 10): Executed 97 of 194 (14 FAILED) (0 secs / 0.758 secs)
[1A[2KChrome Headless 145.0.0.0 (Windows 10): Executed 98 of 194 (14 FAILED) (0 secs / 0.768 secs)
[1A[2KChrome Headless 145.0.0.0 (Windows 10) InventoryPage should have correct navigation links for current implementation FAILED
	Expected 0 to be 2.
	    at <Jasmine>
	    at UserContext.apply (src/app/pages/inventory/inventory.page.spec.ts:41:32)
	    at UserContext.apply (node_modules/zone.js/fesm2015/zone-testing.js:1715:26)
	    at _ZoneDelegate.invoke (node_modules/zone.js/fesm2015/zone.js:398:28)
	    at ProxyZoneSpec.onInvoke (node_modules/zone.js/fesm2015/zone-testing.js:2132:39)
	Expected [  ] to equal <jasmine.arrayContaining([ 'list', 'add' ])>.
	    at <Jasmine>
	    at UserContext.apply (src/app/pages/inventory/inventory.page.spec.ts:45:29)
	    at UserContext.apply (node_modules/zone.js/fesm2015/zone-testing.js:1715:26)
	    at _ZoneDelegate.invoke (node_modules/zone.js/fesm2015/zone.js:398:28)
	    at ProxyZoneSpec.onInvoke (node_modules/zone.js/fesm2015/zone-testing.js:2132:39)
Chrome Headless 145.0.0.0 (Windows 10): Executed 99 of 194 (15 FAILED) (0 secs / 0.773 secs)
[1A[2KChrome Headless 145.0.0.0 (Windows 10) InventoryPage should render exactly 2 navigation products in the list FAILED
	Expected 0 to be 2.
	    at <Jasmine>
	    at UserContext.apply (src/app/pages/inventory/inventory.page.spec.ts:50:32)
	    at _ZoneDelegate.invoke (node_modules/zone.js/fesm2015/zone.js:398:28)
	    at ProxyZoneSpec.onInvoke (node_modules/zone.js/fesm2015/zone-testing.js:2132:39)
	    at _ZoneDelegate.invoke (node_modules/zone.js/fesm2015/zone.js:397:34)
Chrome Headless 145.0.0.0 (Windows 10): Executed 100 of 194 (16 FAILED) (0 secs / 0.776 secs)
[1A[2KChrome Headless 145.0.0.0 (Windows 10): Executed 101 of 194 (16 FAILED) (0 secs / 0.777 secs)
[1A[2KChrome Headless 145.0.0.0 (Windows 10): Executed 102 of 194 (16 FAILED) (0 secs / 0.779 secs)
[1A[2KChrome Headless 145.0.0.0 (Windows 10): Executed 103 of 194 (16 FAILED) (0 secs / 0.78 secs)
[1A[2KChrome Headless 145.0.0.0 (Windows 10): Executed 104 of 194 (16 FAILED) (0 secs / 0.782 secs)
[1A[2KChrome Headless 145.0.0.0 (Windows 10): Executed 105 of 194 (16 FAILED) (0 secs / 0.784 secs)
[1A[2KChrome Headless 145.0.0.0 (Windows 10): Executed 106 of 194 (16 FAILED) (0 secs / 0.786 secs)
[1A[2KChrome Headless 145.0.0.0 (Windows 10): Executed 107 of 194 (16 FAILED) (0 secs / 0.788 secs)
[1A[2KChrome Headless 145.0.0.0 (Windows 10): Executed 108 of 194 (16 FAILED) (0 secs / 0.789 secs)
[1A[2KChrome Headless 145.0.0.0 (Windows 10): Executed 109 of 194 (16 FAILED) (0 secs / 0.893 secs)
[1A[2KChrome Headless 145.0.0.0 (Windows 10): Executed 110 of 194 (16 FAILED) (0 secs / 1 sec)
[1A[2KChrome Headless 145.0.0.0 (Windows 10): Executed 111 of 194 (16 FAILED) (0 secs / 1.002 secs)
[1A[2KChrome Headless 145.0.0.0 (Windows 10): Executed 112 of 194 (16 FAILED) (0 secs / 1.004 secs)
[1A[2KChrome Headless 145.0.0.0 (Windows 10): Executed 113 of 194 (16 FAILED) (0 secs / 1.006 secs)
[1A[2KChrome Headless 145.0.0.0 (Windows 10): Executed 114 of 194 (16 FAILED) (0 secs / 1.008 secs)
[1A[2KChrome Headless 145.0.0.0 (Windows 10): Executed 115 of 194 (16 FAILED) (0 secs / 1.009 secs)
[1A[2KChrome Headless 145.0.0.0 (Windows 10): Executed 116 of 194 (16 FAILED) (0 secs / 1.01 secs)
[1A[2KChrome Headless 145.0.0.0 (Windows 10): Executed 117 of 194 (16 FAILED) (0 secs / 1.01 secs)
[1A[2KChrome Headless 145.0.0.0 (Windows 10): Executed 118 of 194 (16 FAILED) (0 secs / 1.01 secs)
[1A[2KChrome Headless 145.0.0.0 (Windows 10): Executed 119 of 194 (16 FAILED) (0 secs / 1.01 secs)
[1A[2KChrome Headless 145.0.0.0 (Windows 10): Executed 120 of 194 (16 FAILED) (0 secs / 1.017 secs)
[1A[2KLOG: '[info] translation.dictionary.loaded: Full hybrid dictionary cached to localStorage', ''
Chrome Headless 145.0.0.0 (Windows 10): Executed 120 of 194 (16 FAILED) (0 secs / 1.017 secs)
LOG: '[info] translation.dictionary.loaded: Full hybrid dictionary cached to localStorage', ''
[1A[2KChrome Headless 145.0.0.0 (Windows 10): Executed 121 of 194 (16 FAILED) (0 secs / 1.026 secs)
[1A[2KChrome Headless 145.0.0.0 (Windows 10) HeaderComponent should have correct router links FAILED
	Error: The "menu" icon has not been provided by any available icon providers.
	    at LucideAngularComponent.ngOnChanges (node_modules/lucide-angular/fesm2020/lucide-angular.mjs:36695:27)
	    at LucideAngularComponent.call (node_modules/@angular/core/fesm2022/core.mjs:3147:14)
	    at callHookInternal (node_modules/@angular/core/fesm2022/core.mjs:4225:14)
	    at callHook (node_modules/@angular/core/fesm2022/core.mjs:4256:9)
	    at callHooks (node_modules/@angular/core/fesm2022/core.mjs:4206:17)
	    at executeInitAndCheckHooks (node_modules/@angular/core/fesm2022/core.mjs:4156:9)
	    at selectIndexInternal (node_modules/@angular/core/fesm2022/core.mjs:12420:17)
	    at ╔╡╔╡advance (node_modules/@angular/core/fesm2022/core.mjs:12403:5)
	    at templateFn (ng:///HeaderComponent.js:198:9)
	    at executeTemplate (node_modules/@angular/core/fesm2022/core.mjs:12498:9)
Chrome Headless 145.0.0.0 (Windows 10): Executed 122 of 194 (17 FAILED) (0 secs / 1.031 secs)
[1A[2KLOG: '[info] translation.dictionary.loaded: Full hybrid dictionary cached to localStorage', ''
Chrome Headless 145.0.0.0 (Windows 10): Executed 122 of 194 (17 FAILED) (0 secs / 1.031 secs)
LOG: '[info] translation.dictionary.loaded: Full hybrid dictionary cached to localStorage', ''
[1A[2KChrome Headless 145.0.0.0 (Windows 10) HeaderComponent should have 4 navigation links FAILED
	Error: The "menu" icon has not been provided by any available icon providers.
	    at LucideAngularComponent.ngOnChanges (node_modules/lucide-angular/fesm2020/lucide-angular.mjs:36695:27)
	    at LucideAngularComponent.call (node_modules/@angular/core/fesm2022/core.mjs:3147:14)
	    at callHookInternal (node_modules/@angular/core/fesm2022/core.mjs:4225:14)
	    at callHook (node_modules/@angular/core/fesm2022/core.mjs:4256:9)
	    at callHooks (node_modules/@angular/core/fesm2022/core.mjs:4206:17)
	    at executeInitAndCheckHooks (node_modules/@angular/core/fesm2022/core.mjs:4156:9)
	    at selectIndexInternal (node_modules/@angular/core/fesm2022/core.mjs:12420:17)
	    at ╔╡╔╡advance (node_modules/@angular/core/fesm2022/core.mjs:12403:5)
	    at templateFn (ng:///HeaderComponent.js:198:9)
	    at executeTemplate (node_modules/@angular/core/fesm2022/core.mjs:12498:9)
Chrome Headless 145.0.0.0 (Windows 10): Executed 123 of 194 (18 FAILED) (0 secs / 1.036 secs)
[1A[2KChrome Headless 145.0.0.0 (Windows 10) HeaderComponent should create FAILED
	Error: The "menu" icon has not been provided by any available icon providers.
	    at LucideAngularComponent.ngOnChanges (node_modules/lucide-angular/fesm2020/lucide-angular.mjs:36695:27)
	    at LucideAngularComponent.call (node_modules/@angular/core/fesm2022/core.mjs:3147:14)
	    at callHookInternal (node_modules/@angular/core/fesm2022/core.mjs:4225:14)
	    at callHook (node_modules/@angular/core/fesm2022/core.mjs:4256:9)
	    at callHooks (node_modules/@angular/core/fesm2022/core.mjs:4206:17)
	    at executeInitAndCheckHooks (node_modules/@angular/core/fesm2022/core.mjs:4156:9)
	    at selectIndexInternal (node_modules/@angular/core/fesm2022/core.mjs:12420:17)
	    at ╔╡╔╡advance (node_modules/@angular/core/fesm2022/core.mjs:12403:5)
	    at templateFn (ng:///HeaderComponent.js:198:9)
	    at executeTemplate (node_modules/@angular/core/fesm2022/core.mjs:12498:9)
Chrome Headless 145.0.0.0 (Windows 10): Executed 124 of 194 (19 FAILED) (0 secs / 1.04 secs)
[1A[2KChrome Headless 145.0.0.0 (Windows 10) DashboardPage should show overview tab by default FAILED
	Error: The "map-pin" icon has not been provided by any available icon providers.
	    at LucideAngularComponent.ngOnChanges (node_modules/lucide-angular/fesm2020/lucide-angular.mjs:36695:27)
	    at LucideAngularComponent.call (node_modules/@angular/core/fesm2022/core.mjs:3147:14)
	    at callHookInternal (node_modules/@angular/core/fesm2022/core.mjs:4225:14)
	    at callHook (node_modules/@angular/core/fesm2022/core.mjs:4256:9)
	    at callHooks (node_modules/@angular/core/fesm2022/core.mjs:4206:17)
	    at executeInitAndCheckHooks (node_modules/@angular/core/fesm2022/core.mjs:4156:9)
	    at selectIndexInternal (node_modules/@angular/core/fesm2022/core.mjs:12420:17)
	    at ╔╡╔╡advance (node_modules/@angular/core/fesm2022/core.mjs:12403:5)
	    at templateFn (ng:///DashboardPage.js:98:9)
	    at executeTemplate (node_modules/@angular/core/fesm2022/core.mjs:12498:9)
Chrome Headless 145.0.0.0 (Windows 10): Executed 125 of 194 (20 FAILED) (0 secs / 1.153 secs)
[1A[2KChrome Headless 145.0.0.0 (Windows 10) DashboardPage should navigate with query param when setTab(metadata) is called FAILED
	Error: The "map-pin" icon has not been provided by any available icon providers.
	    at LucideAngularComponent.ngOnChanges (node_modules/lucide-angular/fesm2020/lucide-angular.mjs:36695:27)
	    at LucideAngularComponent.call (node_modules/@angular/core/fesm2022/core.mjs:3147:14)
	    at callHookInternal (node_modules/@angular/core/fesm2022/core.mjs:4225:14)
	    at callHook (node_modules/@angular/core/fesm2022/core.mjs:4256:9)
	    at callHooks (node_modules/@angular/core/fesm2022/core.mjs:4206:17)
	    at executeInitAndCheckHooks (node_modules/@angular/core/fesm2022/core.mjs:4156:9)
	    at selectIndexInternal (node_modules/@angular/core/fesm2022/core.mjs:12420:17)
	    at ╔╡╔╡advance (node_modules/@angular/core/fesm2022/core.mjs:12403:5)
	    at templateFn (ng:///DashboardPage.js:98:9)
	    at executeTemplate (node_modules/@angular/core/fesm2022/core.mjs:12498:9)
Chrome Headless 145.0.0.0 (Windows 10): Executed 126 of 194 (21 FAILED) (0 secs / 1.157 secs)
[1A[2KChrome Headless 145.0.0.0 (Windows 10) DashboardPage should create FAILED
	Error: The "map-pin" icon has not been provided by any available icon providers.
	    at LucideAngularComponent.ngOnChanges (node_modules/lucide-angular/fesm2020/lucide-angular.mjs:36695:27)
	    at LucideAngularComponent.call (node_modules/@angular/core/fesm2022/core.mjs:3147:14)
	    at callHookInternal (node_modules/@angular/core/fesm2022/core.mjs:4225:14)
	    at callHook (node_modules/@angular/core/fesm2022/core.mjs:4256:9)
	    at callHooks (node_modules/@angular/core/fesm2022/core.mjs:4206:17)
	    at executeInitAndCheckHooks (node_modules/@angular/core/fesm2022/core.mjs:4156:9)
	    at selectIndexInternal (node_modules/@angular/core/fesm2022/core.mjs:12420:17)
	    at ╔╡╔╡advance (node_modules/@angular/core/fesm2022/core.mjs:12403:5)
	    at templateFn (ng:///DashboardPage.js:98:9)
	    at executeTemplate (node_modules/@angular/core/fesm2022/core.mjs:12498:9)
Chrome Headless 145.0.0.0 (Windows 10): Executed 127 of 194 (22 FAILED) (0 secs / 1.161 secs)
[1A[2KChrome Headless 145.0.0.0 (Windows 10): Executed 128 of 194 (22 FAILED) (0 secs / 1.172 secs)
[1A[2KChrome Headless 145.0.0.0 (Windows 10): Executed 129 of 194 (22 FAILED) (0 secs / 1.178 secs)
[1A[2KChrome Headless 145.0.0.0 (Windows 10): Executed 130 of 194 (22 FAILED) (0 secs / 1.185 secs)
[1A[2KChrome Headless 145.0.0.0 (Windows 10): Executed 131 of 194 (22 FAILED) (0 secs / 1.191 secs)
[1A[2KChrome Headless 145.0.0.0 (Windows 10): Executed 132 of 194 (22 FAILED) (0 secs / 1.193 secs)
[1A[2KChrome Headless 145.0.0.0 (Windows 10): Executed 133 of 194 (22 FAILED) (0 secs / 1.197 secs)
[1A[2KLOG: '[info] translation.dictionary.loaded: Full hybrid dictionary cached to localStorage', ''
Chrome Headless 145.0.0.0 (Windows 10): Executed 133 of 194 (22 FAILED) (0 secs / 1.197 secs)
LOG: '[info] translation.dictionary.loaded: Full hybrid dictionary cached to localStorage', ''
[1A[2KChrome Headless 145.0.0.0 (Windows 10): Executed 134 of 194 (22 FAILED) (0 secs / 1.2 secs)
[1A[2KChrome Headless 145.0.0.0 (Windows 10): Executed 135 of 194 (22 FAILED) (0 secs / 1.202 secs)
[1A[2KChrome Headless 145.0.0.0 (Windows 10): Executed 136 of 194 (22 FAILED) (0 secs / 1.206 secs)
[1A[2KChrome Headless 145.0.0.0 (Windows 10): Executed 137 of 194 (22 FAILED) (0 secs / 1.211 secs)
[1A[2KChrome Headless 145.0.0.0 (Windows 10) RecipeBookPage should create FAILED
	NullInjectorError: R3InjectorError(Standalone[RecipeBookPage])[ActivatedRoute -> ActivatedRoute -> ActivatedRoute]: 
	  NullInjectorError: No provider for ActivatedRoute!
	error properties: Object({ ngTempTokenPath: null, ngTokenPath: [ 'ActivatedRoute', 'ActivatedRoute', 'ActivatedRoute' ] })
	    at NullInjector.get (node_modules/@angular/core/fesm2022/core.mjs:1630:27)
	    at R3Injector.get (node_modules/@angular/core/fesm2022/core.mjs:2159:33)
	    at R3Injector.get (node_modules/@angular/core/fesm2022/core.mjs:2159:33)
	    at R3Injector.get (node_modules/@angular/core/fesm2022/core.mjs:2159:33)
	    at ChainedInjector.get (node_modules/@angular/core/fesm2022/core.mjs:17406:36)
	    at lookupTokenUsingModuleInjector (node_modules/@angular/core/fesm2022/core.mjs:5081:39)
	    at getOrCreateInjectable (node_modules/@angular/core/fesm2022/core.mjs:5129:12)
	    at ╔╡╔╡directiveInject (node_modules/@angular/core/fesm2022/core.mjs:17457:19)
	    at ╔╡╔╡inject (node_modules/@angular/core/fesm2022/core.mjs:1131:60)
	    at inject (node_modules/@angular/core/fesm2022/core.mjs:1217:12)
Chrome Headless 145.0.0.0 (Windows 10): Executed 138 of 194 (23 FAILED) (0 secs / 1.216 secs)
[1A[2KChrome Headless 145.0.0.0 (Windows 10) InventoryProductListComponent should call deleteProduct on state service when confirmed FAILED
	NullInjectorError: R3InjectorError(Standalone[InventoryProductListComponent])[ActivatedRoute -> ActivatedRoute -> ActivatedRoute]: 
	  NullInjectorError: No provider for ActivatedRoute!
	error properties: Object({ ngTempTokenPath: null, ngTokenPath: [ 'ActivatedRoute', 'ActivatedRoute', 'ActivatedRoute' ] })
	    at NullInjector.get (node_modules/@angular/core/fesm2022/core.mjs:1630:27)
	    at R3Injector.get (node_modules/@angular/core/fesm2022/core.mjs:2159:33)
	    at R3Injector.get (node_modules/@angular/core/fesm2022/core.mjs:2159:33)
	    at R3Injector.get (node_modules/@angular/core/fesm2022/core.mjs:2159:33)
	    at ChainedInjector.get (node_modules/@angular/core/fesm2022/core.mjs:17406:36)
	    at lookupTokenUsingModuleInjector (node_modules/@angular/core/fesm2022/core.mjs:5081:39)
	    at getOrCreateInjectable (node_modules/@angular/core/fesm2022/core.mjs:5129:12)
	    at ╔╡╔╡directiveInject (node_modules/@angular/core/fesm2022/core.mjs:17457:19)
	    at ╔╡╔╡inject (node_modules/@angular/core/fesm2022/core.mjs:1131:60)
	    at inject (node_modules/@angular/core/fesm2022/core.mjs:1217:12)
Chrome Headless 145.0.0.0 (Windows 10): Executed 139 of 194 (24 FAILED) (0 secs / 1.238 secs)
[1A[2KChrome Headless 145.0.0.0 (Windows 10) InventoryProductListComponent should navigate to edit page with correct absolute path FAILED
	NullInjectorError: R3InjectorError(Standalone[InventoryProductListComponent])[ActivatedRoute -> ActivatedRoute -> ActivatedRoute]: 
	  NullInjectorError: No provider for ActivatedRoute!
	error properties: Object({ ngTempTokenPath: null, ngTokenPath: [ 'ActivatedRoute', 'ActivatedRoute', 'ActivatedRoute' ] })
	    at NullInjector.get (node_modules/@angular/core/fesm2022/core.mjs:1630:27)
	    at R3Injector.get (node_modules/@angular/core/fesm2022/core.mjs:2159:33)
	    at R3Injector.get (node_modules/@angular/core/fesm2022/core.mjs:2159:33)
	    at R3Injector.get (node_modules/@angular/core/fesm2022/core.mjs:2159:33)
	    at ChainedInjector.get (node_modules/@angular/core/fesm2022/core.mjs:17406:36)
	    at lookupTokenUsingModuleInjector (node_modules/@angular/core/fesm2022/core.mjs:5081:39)
	    at getOrCreateInjectable (node_modules/@angular/core/fesm2022/core.mjs:5129:12)
	    at ╔╡╔╡directiveInject (node_modules/@angular/core/fesm2022/core.mjs:17457:19)
	    at ╔╡╔╡inject (node_modules/@angular/core/fesm2022/core.mjs:1131:60)
	    at inject (node_modules/@angular/core/fesm2022/core.mjs:1217:12)
Chrome Headless 145.0.0.0 (Windows 10): Executed 140 of 194 (25 FAILED) (0 secs / 1.241 secs)
[1A[2KChrome Headless 145.0.0.0 (Windows 10) InventoryProductListComponent should handle multiple filter categories (AND logic) FAILED
	NullInjectorError: R3InjectorError(Standalone[InventoryProductListComponent])[ActivatedRoute -> ActivatedRoute -> ActivatedRoute]: 
	  NullInjectorError: No provider for ActivatedRoute!
	error properties: Object({ ngTempTokenPath: null, ngTokenPath: [ 'ActivatedRoute', 'ActivatedRoute', 'ActivatedRoute' ] })
	    at NullInjector.get (node_modules/@angular/core/fesm2022/core.mjs:1630:27)
	    at R3Injector.get (node_modules/@angular/core/fesm2022/core.mjs:2159:33)
	    at R3Injector.get (node_modules/@angular/core/fesm2022/core.mjs:2159:33)
	    at R3Injector.get (node_modules/@angular/core/fesm2022/core.mjs:2159:33)
	    at ChainedInjector.get (node_modules/@angular/core/fesm2022/core.mjs:17406:36)
	    at lookupTokenUsingModuleInjector (node_modules/@angular/core/fesm2022/core.mjs:5081:39)
	    at getOrCreateInjectable (node_modules/@angular/core/fesm2022/core.mjs:5129:12)
	    at ╔╡╔╡directiveInject (node_modules/@angular/core/fesm2022/core.mjs:17457:19)
	    at ╔╡╔╡inject (node_modules/@angular/core/fesm2022/core.mjs:1131:60)
	    at inject (node_modules/@angular/core/fesm2022/core.mjs:1217:12)
Chrome Headless 145.0.0.0 (Windows 10): Executed 141 of 194 (26 FAILED) (0 secs / 1.245 secs)
[1A[2KChrome Headless 145.0.0.0 (Windows 10) InventoryProductListComponent should filter items when a filter is toggled FAILED
	NullInjectorError: R3InjectorError(Standalone[InventoryProductListComponent])[ActivatedRoute -> ActivatedRoute -> ActivatedRoute]: 
	  NullInjectorError: No provider for ActivatedRoute!
	error properties: Object({ ngTempTokenPath: null, ngTokenPath: [ 'ActivatedRoute', 'ActivatedRoute', 'ActivatedRoute' ] })
	    at NullInjector.get (node_modules/@angular/core/fesm2022/core.mjs:1630:27)
	    at R3Injector.get (node_modules/@angular/core/fesm2022/core.mjs:2159:33)
	    at R3Injector.get (node_modules/@angular/core/fesm2022/core.mjs:2159:33)
	    at R3Injector.get (node_modules/@angular/core/fesm2022/core.mjs:2159:33)
	    at ChainedInjector.get (node_modules/@angular/core/fesm2022/core.mjs:17406:36)
	    at lookupTokenUsingModuleInjector (node_modules/@angular/core/fesm2022/core.mjs:5081:39)
	    at getOrCreateInjectable (node_modules/@angular/core/fesm2022/core.mjs:5129:12)
	    at ╔╡╔╡directiveInject (node_modules/@angular/core/fesm2022/core.mjs:17457:19)
	    at ╔╡╔╡inject (node_modules/@angular/core/fesm2022/core.mjs:1131:60)
	    at inject (node_modules/@angular/core/fesm2022/core.mjs:1217:12)
Chrome Headless 145.0.0.0 (Windows 10): Executed 142 of 194 (27 FAILED) (0 secs / 1.248 secs)
[1A[2KChrome Headless 145.0.0.0 (Windows 10) InventoryProductListComponent should generate filter categories based on products in state FAILED
	NullInjectorError: R3InjectorError(Standalone[InventoryProductListComponent])[ActivatedRoute -> ActivatedRoute -> ActivatedRoute]: 
	  NullInjectorError: No provider for ActivatedRoute!
	error properties: Object({ ngTempTokenPath: null, ngTokenPath: [ 'ActivatedRoute', 'ActivatedRoute', 'ActivatedRoute' ] })
	    at NullInjector.get (node_modules/@angular/core/fesm2022/core.mjs:1630:27)
	    at R3Injector.get (node_modules/@angular/core/fesm2022/core.mjs:2159:33)
	    at R3Injector.get (node_modules/@angular/core/fesm2022/core.mjs:2159:33)
	    at R3Injector.get (node_modules/@angular/core/fesm2022/core.mjs:2159:33)
	    at ChainedInjector.get (node_modules/@angular/core/fesm2022/core.mjs:17406:36)
	    at lookupTokenUsingModuleInjector (node_modules/@angular/core/fesm2022/core.mjs:5081:39)
	    at getOrCreateInjectable (node_modules/@angular/core/fesm2022/core.mjs:5129:12)
	    at ╔╡╔╡directiveInject (node_modules/@angular/core/fesm2022/core.mjs:17457:19)
	    at ╔╡╔╡inject (node_modules/@angular/core/fesm2022/core.mjs:1131:60)
	    at inject (node_modules/@angular/core/fesm2022/core.mjs:1217:12)
Chrome Headless 145.0.0.0 (Windows 10): Executed 143 of 194 (28 FAILED) (0 secs / 1.252 secs)
[1A[2KChrome Headless 145.0.0.0 (Windows 10) MetadataManagerPageComponent should create FAILED
	NullInjectorError: R3InjectorError(Standalone[MetadataManagerComponent])[DemoLoaderService -> DemoLoaderService -> HttpClient -> HttpClient]: 
	  NullInjectorError: No provider for HttpClient!
	error properties: Object({ ngTempTokenPath: null, ngTokenPath: [ 'DemoLoaderService', 'DemoLoaderService', 'HttpClient', 'HttpClient' ] })
	    at NullInjector.get (node_modules/@angular/core/fesm2022/core.mjs:1630:27)
	    at R3Injector.get (node_modules/@angular/core/fesm2022/core.mjs:2159:33)
	    at R3Injector.get (node_modules/@angular/core/fesm2022/core.mjs:2159:33)
	    at injectInjectorOnly (node_modules/@angular/core/fesm2022/core.mjs:1125:32)
	    at ╔╡╔╡inject (node_modules/@angular/core/fesm2022/core.mjs:1131:60)
	    at inject (node_modules/@angular/core/fesm2022/core.mjs:1217:12)
	    at DemoLoaderService.<instance_members_initializer> (src/app/core/services/demo-loader.service.ts:25:33)
	    at new DemoLoaderService (src/app/core/services/demo-loader.service.ts:24:8)
	    at Object.factory (ng:///DemoLoaderService/╔╡fac.js:4:10)
	    at node_modules/@angular/core/fesm2022/core.mjs:2282:47
Chrome Headless 145.0.0.0 (Windows 10): Executed 144 of 194 (29 FAILED) (0 secs / 1.259 secs)
[1A[2KChrome Headless 145.0.0.0 (Windows 10): Executed 145 of 194 (29 FAILED) (0 secs / 1.261 secs)
[1A[2KChrome Headless 145.0.0.0 (Windows 10) ConfirmModalComponent should call choose(false) when cancel is clicked FAILED
	TypeError: ctx_r1.modalService.variant is not a function
	    at templateFn (ng:///ConfirmModalComponent.js:43:68)
	    at executeTemplate (node_modules/@angular/core/fesm2022/core.mjs:12498:9)
	    at refreshView (node_modules/@angular/core/fesm2022/core.mjs:14183:13)
	    at detectChangesInView (node_modules/@angular/core/fesm2022/core.mjs:14403:9)
	    at detectChangesInViewIfAttached (node_modules/@angular/core/fesm2022/core.mjs:14363:5)
	    at detectChangesInEmbeddedViews (node_modules/@angular/core/fesm2022/core.mjs:14320:13)
	    at refreshView (node_modules/@angular/core/fesm2022/core.mjs:14212:9)
	    at detectChangesInView (node_modules/@angular/core/fesm2022/core.mjs:14403:9)
	    at detectChangesInViewIfAttached (node_modules/@angular/core/fesm2022/core.mjs:14363:5)
	    at detectChangesInComponent (node_modules/@angular/core/fesm2022/core.mjs:14351:5)
Chrome Headless 145.0.0.0 (Windows 10): Executed 146 of 194 (30 FAILED) (0 secs / 1.266 secs)
[1A[2KChrome Headless 145.0.0.0 (Windows 10) ConfirmModalComponent should call choose(true) when confirm is clicked FAILED
	TypeError: ctx_r1.modalService.variant is not a function
	    at templateFn (ng:///ConfirmModalComponent.js:43:68)
	    at executeTemplate (node_modules/@angular/core/fesm2022/core.mjs:12498:9)
	    at refreshView (node_modules/@angular/core/fesm2022/core.mjs:14183:13)
	    at detectChangesInView (node_modules/@angular/core/fesm2022/core.mjs:14403:9)
	    at detectChangesInViewIfAttached (node_modules/@angular/core/fesm2022/core.mjs:14363:5)
	    at detectChangesInEmbeddedViews (node_modules/@angular/core/fesm2022/core.mjs:14320:13)
	    at refreshView (node_modules/@angular/core/fesm2022/core.mjs:14212:9)
	    at detectChangesInView (node_modules/@angular/core/fesm2022/core.mjs:14403:9)
	    at detectChangesInViewIfAttached (node_modules/@angular/core/fesm2022/core.mjs:14363:5)
	    at detectChangesInComponent (node_modules/@angular/core/fesm2022/core.mjs:14351:5)
Chrome Headless 145.0.0.0 (Windows 10): Executed 147 of 194 (31 FAILED) (0 secs / 1.27 secs)
[1A[2KChrome Headless 145.0.0.0 (Windows 10) ProductFormComponent Form Logic: Waste & Yield Sync should update yield_factor when waste_percent changes FAILED
	Error: The "tags" icon has not been provided by any available icon providers.
	    at LucideAngularComponent.ngOnChanges (node_modules/lucide-angular/fesm2020/lucide-angular.mjs:36695:27)
	    at LucideAngularComponent.call (node_modules/@angular/core/fesm2022/core.mjs:3147:14)
	    at callHookInternal (node_modules/@angular/core/fesm2022/core.mjs:4225:14)
	    at callHook (node_modules/@angular/core/fesm2022/core.mjs:4256:9)
	    at callHooks (node_modules/@angular/core/fesm2022/core.mjs:4206:17)
	    at executeInitAndCheckHooks (node_modules/@angular/core/fesm2022/core.mjs:4156:9)
	    at selectIndexInternal (node_modules/@angular/core/fesm2022/core.mjs:12420:17)
	    at ╔╡╔╡advance (node_modules/@angular/core/fesm2022/core.mjs:12403:5)
	    at templateFn (ng:///ProductFormComponent.js:786:9)
	    at executeTemplate (node_modules/@angular/core/fesm2022/core.mjs:12498:9)
Chrome Headless 145.0.0.0 (Windows 10): Executed 148 of 194 (32 FAILED) (0 secs / 1.355 secs)
[1A[2KChrome Headless 145.0.0.0 (Windows 10) ProductFormComponent Computed Calculations should calculate netUnitCost_ reactively from form values FAILED
	Error: The "tags" icon has not been provided by any available icon providers.
	    at LucideAngularComponent.ngOnChanges (node_modules/lucide-angular/fesm2020/lucide-angular.mjs:36695:27)
	    at LucideAngularComponent.call (node_modules/@angular/core/fesm2022/core.mjs:3147:14)
	    at callHookInternal (node_modules/@angular/core/fesm2022/core.mjs:4225:14)
	    at callHook (node_modules/@angular/core/fesm2022/core.mjs:4256:9)
	    at callHooks (node_modules/@angular/core/fesm2022/core.mjs:4206:17)
	    at executeInitAndCheckHooks (node_modules/@angular/core/fesm2022/core.mjs:4156:9)
	    at selectIndexInternal (node_modules/@angular/core/fesm2022/core.mjs:12420:17)
	    at ╔╡╔╡advance (node_modules/@angular/core/fesm2022/core.mjs:12403:5)
	    at templateFn (ng:///ProductFormComponent.js:786:9)
	    at executeTemplate (node_modules/@angular/core/fesm2022/core.mjs:12498:9)
Chrome Headless 145.0.0.0 (Windows 10): Executed 149 of 194 (33 FAILED) (0 secs / 1.372 secs)
[1A[2KChrome Headless 145.0.0.0 (Windows 10) ProductFormComponent Dynamic Purchase Options should add a new purchase option and sync suggested price on unit change FAILED
	Error: The "tags" icon has not been provided by any available icon providers.
	    at LucideAngularComponent.ngOnChanges (node_modules/lucide-angular/fesm2020/lucide-angular.mjs:36695:27)
	    at LucideAngularComponent.call (node_modules/@angular/core/fesm2022/core.mjs:3147:14)
	    at callHookInternal (node_modules/@angular/core/fesm2022/core.mjs:4225:14)
	    at callHook (node_modules/@angular/core/fesm2022/core.mjs:4256:9)
	    at callHooks (node_modules/@angular/core/fesm2022/core.mjs:4206:17)
	    at executeInitAndCheckHooks (node_modules/@angular/core/fesm2022/core.mjs:4156:9)
	    at selectIndexInternal (node_modules/@angular/core/fesm2022/core.mjs:12420:17)
	    at ╔╡╔╡advance (node_modules/@angular/core/fesm2022/core.mjs:12403:5)
	    at templateFn (ng:///ProductFormComponent.js:786:9)
	    at executeTemplate (node_modules/@angular/core/fesm2022/core.mjs:12498:9)
Chrome Headless 145.0.0.0 (Windows 10): Executed 150 of 194 (34 FAILED) (0 secs / 1.388 secs)
[1A[2KChrome Headless 145.0.0.0 (Windows 10) ProductFormComponent Allergen Management should toggle allergens in the form control FAILED
	Error: The "tags" icon has not been provided by any available icon providers.
	    at LucideAngularComponent.ngOnChanges (node_modules/lucide-angular/fesm2020/lucide-angular.mjs:36695:27)
	    at LucideAngularComponent.call (node_modules/@angular/core/fesm2022/core.mjs:3147:14)
	    at callHookInternal (node_modules/@angular/core/fesm2022/core.mjs:4225:14)
	    at callHook (node_modules/@angular/core/fesm2022/core.mjs:4256:9)
	    at callHooks (node_modules/@angular/core/fesm2022/core.mjs:4206:17)
	    at executeInitAndCheckHooks (node_modules/@angular/core/fesm2022/core.mjs:4156:9)
	    at selectIndexInternal (node_modules/@angular/core/fesm2022/core.mjs:12420:17)
	    at ╔╡╔╡advance (node_modules/@angular/core/fesm2022/core.mjs:12403:5)
	    at templateFn (ng:///ProductFormComponent.js:786:9)
	    at executeTemplate (node_modules/@angular/core/fesm2022/core.mjs:12498:9)
Chrome Headless 145.0.0.0 (Windows 10): Executed 151 of 194 (35 FAILED) (0 secs / 1.403 secs)
[1A[2KChrome Headless 145.0.0.0 (Windows 10): Executed 152 of 194 (35 FAILED) (0 secs / 1.403 secs)
[1A[2KChrome Headless 145.0.0.0 (Windows 10): Executed 153 of 194 (35 FAILED) (0 secs / 1.403 secs)
[1A[2KChrome Headless 145.0.0.0 (Windows 10): Executed 154 of 194 (35 FAILED) (0 secs / 1.404 secs)
[1A[2KChrome Headless 145.0.0.0 (Windows 10): Executed 155 of 194 (35 FAILED) (0 secs / 1.405 secs)
[1A[2KChrome Headless 145.0.0.0 (Windows 10): Executed 156 of 194 (35 FAILED) (0 secs / 1.405 secs)
[1A[2KChrome Headless 145.0.0.0 (Windows 10): Executed 157 of 194 (35 FAILED) (0 secs / 1.406 secs)
[1A[2KChrome Headless 145.0.0.0 (Windows 10): Executed 158 of 194 (35 FAILED) (0 secs / 1.406 secs)
[1A[2KChrome Headless 145.0.0.0 (Windows 10): Executed 159 of 194 (35 FAILED) (0 secs / 1.406 secs)
[1A[2KChrome Headless 145.0.0.0 (Windows 10): Executed 160 of 194 (35 FAILED) (0 secs / 1.407 secs)
[1A[2KChrome Headless 145.0.0.0 (Windows 10): Executed 161 of 194 (35 FAILED) (0 secs / 1.408 secs)
[1A[2KChrome Headless 145.0.0.0 (Windows 10): Executed 162 of 194 (35 FAILED) (0 secs / 1.409 secs)
[1A[2KChrome Headless 145.0.0.0 (Windows 10): Executed 163 of 194 (35 FAILED) (0 secs / 1.409 secs)
[1A[2KChrome Headless 145.0.0.0 (Windows 10): Executed 164 of 194 (35 FAILED) (0 secs / 1.41 secs)
[1A[2KChrome Headless 145.0.0.0 (Windows 10): Executed 165 of 194 (35 FAILED) (0 secs / 1.41 secs)
[1A[2KChrome Headless 145.0.0.0 (Windows 10): Executed 166 of 194 (35 FAILED) (0 secs / 1.411 secs)
[1A[2KWARN: 'Spec 'GlobalSpecificModalComponent should call choose with choice when user selects' has no expectations.'
Chrome Headless 145.0.0.0 (Windows 10): Executed 166 of 194 (35 FAILED) (0 secs / 1.411 secs)
WARN: 'Spec 'GlobalSpecificModalComponent should call choose with choice when user selects' has no expectations.'
[1A[2KChrome Headless 145.0.0.0 (Windows 10): Executed 167 of 194 (35 FAILED) (0 secs / 1.415 secs)
[1A[2KChrome Headless 145.0.0.0 (Windows 10): Executed 168 of 194 (35 FAILED) (0 secs / 1.418 secs)
[1A[2KChrome Headless 145.0.0.0 (Windows 10) RecipeWorkflowComponent should create FAILED
	Error: The "grip-vertical" icon has not been provided by any available icon providers.
	    at LucideAngularComponent.ngOnChanges (node_modules/lucide-angular/fesm2020/lucide-angular.mjs:36695:27)
	    at LucideAngularComponent.call (node_modules/@angular/core/fesm2022/core.mjs:3147:14)
	    at callHookInternal (node_modules/@angular/core/fesm2022/core.mjs:4225:14)
	    at callHook (node_modules/@angular/core/fesm2022/core.mjs:4256:9)
	    at callHooks (node_modules/@angular/core/fesm2022/core.mjs:4206:17)
	    at executeInitAndCheckHooks (node_modules/@angular/core/fesm2022/core.mjs:4156:9)
	    at selectIndexInternal (node_modules/@angular/core/fesm2022/core.mjs:12420:17)
	    at ╔╡╔╡advance (node_modules/@angular/core/fesm2022/core.mjs:12403:5)
	    at templateFn (ng:///RecipeWorkflowComponent.js:120:5)
	    at executeTemplate (node_modules/@angular/core/fesm2022/core.mjs:12498:9)
Chrome Headless 145.0.0.0 (Windows 10): Executed 169 of 194 (36 FAILED) (0 secs / 1.432 secs)
[1A[2KChrome Headless 145.0.0.0 (Windows 10): Executed 170 of 194 (36 FAILED) (0 secs / 1.435 secs)
[1A[2KChrome Headless 145.0.0.0 (Windows 10): Executed 171 of 194 (36 FAILED) (0 secs / 1.437 secs)
[1A[2KChrome Headless 145.0.0.0 (Windows 10): Executed 172 of 194 (36 FAILED) (0 secs / 1.438 secs)
[1A[2KChrome Headless 145.0.0.0 (Windows 10): Executed 173 of 194 (36 FAILED) (0 secs / 1.44 secs)
[1A[2KChrome Headless 145.0.0.0 (Windows 10): Executed 174 of 194 (36 FAILED) (0 secs / 1.454 secs)
[1A[2KChrome Headless 145.0.0.0 (Windows 10): Executed 175 of 194 (36 FAILED) (0 secs / 1.465 secs)
[1A[2KChrome Headless 145.0.0.0 (Windows 10): Executed 176 of 194 (36 FAILED) (0 secs / 1.478 secs)
[1A[2KChrome Headless 145.0.0.0 (Windows 10): Executed 177 of 194 (36 FAILED) (0 secs / 1.492 secs)
[1A[2KChrome Headless 145.0.0.0 (Windows 10): Executed 178 of 194 (36 FAILED) (0 secs / 1.503 secs)
[1A[2KChrome Headless 145.0.0.0 (Windows 10): Executed 179 of 194 (36 FAILED) (0 secs / 1.514 secs)
[1A[2KChrome Headless 145.0.0.0 (Windows 10): Executed 180 of 194 (36 FAILED) (0 secs / 1.525 secs)
[1A[2KChrome Headless 145.0.0.0 (Windows 10): Executed 181 of 194 (36 FAILED) (0 secs / 1.535 secs)
[1A[2KChrome Headless 145.0.0.0 (Windows 10): Executed 182 of 194 (36 FAILED) (0 secs / 1.544 secs)
[1A[2KChrome Headless 145.0.0.0 (Windows 10) RecipeHeaderComponent should display totalWeightG from input FAILED
	Expected ' prep gram-+ labels costΓé¬0.00weight 0g ' to contain '350g'.
	    at <Jasmine>
	    at UserContext.apply (src/app/pages/recipe-builder/components/recipe-header/recipe-header.component.spec.ts:68:28)
	    at _ZoneDelegate.invoke (node_modules/zone.js/fesm2015/zone.js:398:28)
	    at ProxyZoneSpec.onInvoke (node_modules/zone.js/fesm2015/zone-testing.js:2132:39)
	    at _ZoneDelegate.invoke (node_modules/zone.js/fesm2015/zone.js:397:34)
Chrome Headless 145.0.0.0 (Windows 10): Executed 183 of 194 (37 FAILED) (0 secs / 1.555 secs)
[1A[2KChrome Headless 145.0.0.0 (Windows 10): Executed 184 of 194 (37 FAILED) (0 secs / 1.568 secs)
[1A[2KChrome Headless 145.0.0.0 (Windows 10): Executed 185 of 194 (37 FAILED) (0 secs / 1.577 secs)
[1A[2KChrome Headless 145.0.0.0 (Windows 10): Executed 186 of 194 (37 FAILED) (0 secs / 1.581 secs)
[1A[2KChrome Headless 145.0.0.0 (Windows 10): Executed 187 of 194 (37 FAILED) (0 secs / 1.583 secs)
[1A[2KChrome Headless 145.0.0.0 (Windows 10): Executed 188 of 194 (37 FAILED) (0 secs / 1.585 secs)
[1A[2KChrome Headless 145.0.0.0 (Windows 10): Executed 189 of 194 (37 FAILED) (0 secs / 1.587 secs)
[1A[2KChrome Headless 145.0.0.0 (Windows 10): Executed 190 of 194 (37 FAILED) (0 secs / 1.59 secs)
[1A[2KChrome Headless 145.0.0.0 (Windows 10): Executed 191 of 194 (37 FAILED) (0 secs / 1.593 secs)
[1A[2KChrome Headless 145.0.0.0 (Windows 10): Executed 192 of 194 (37 FAILED) (0 secs / 1.596 secs)
[1A[2KChrome Headless 145.0.0.0 (Windows 10): Executed 193 of 194 (37 FAILED) (0 secs / 1.6 secs)
[1A[2KChrome Headless 145.0.0.0 (Windows 10) RecipeIngredientsTableComponent should create FAILED
	Error: The "grip-vertical" icon has not been provided by any available icon providers.
	    at LucideAngularComponent.ngOnChanges (node_modules/lucide-angular/fesm2020/lucide-angular.mjs:36695:27)
	    at LucideAngularComponent.call (node_modules/@angular/core/fesm2022/core.mjs:3147:14)
	    at callHookInternal (node_modules/@angular/core/fesm2022/core.mjs:4225:14)
	    at callHook (node_modules/@angular/core/fesm2022/core.mjs:4256:9)
	    at callHooks (node_modules/@angular/core/fesm2022/core.mjs:4206:17)
	    at executeInitAndCheckHooks (node_modules/@angular/core/fesm2022/core.mjs:4156:9)
	    at selectIndexInternal (node_modules/@angular/core/fesm2022/core.mjs:12420:17)
	    at ╔╡╔╡advance (node_modules/@angular/core/fesm2022/core.mjs:12403:5)
	    at templateFn (ng:///RecipeIngredientsTableComponent.js:228:5)
	    at executeTemplate (node_modules/@angular/core/fesm2022/core.mjs:12498:9)
Chrome Headless 145.0.0.0 (Windows 10): Executed 194 of 194 (38 FAILED) (0 secs / 1.61 secs)
ΓêÜ Browser application bundle generation complete.
[1A[2KChrome Headless 145.0.0.0 (Windows 10): Executed 194 of 194 (38 FAILED) (1.835 secs / 1.61 secs)
TOTAL: 38 FAILED, 156 SUCCESS
ΓêÜ Browser application bundle generation complete.
